无线新闻,http://iptv12k.com:35461/live/test167/12345/1012.m3u8
无线财经,http://iptv12k.com:35461/live/test167/12345/1012.m3u8
TVB经典,http://iptv12k.com:35461/live/test167/12345/1003.m3u8
TVB娱乐新闻,http://iptv12k.com:35461/live/test167/12345/1001.m3u8
星河,http://iptv12k.com:35461/live/test167/12345/1000.m3u8
有线603,http://iptv12k.com:35461/live/test167/12345/1023.m3u8
有线18,http://iptv12k.com:35461/live/test167/12345/1022.m3u8
有线新闻,http://iptv12k.com:35461/live/test167/12345/1018.m3u8
有线体育,http://iptv12k.com:35461/live/test167/12345/1017.m3u8
NOW直播,http://iptv12k.com:35461/live/test167/12345/1015.m3u8
NOW财经,http://iptv12k.com:35461/live/test167/12345/1002.m3u8
NOW体育,http://iptv12k.com:35461/live/test167/12345/1014.m3u8
开电视,http://iptv12k.com:35461/live/test167/12345/1013.m3u8
电影1,http://iptv12k.com:35461/live/test167/12345/1010.m3u8
HITS,http://iptv12k.com:35461/live/test167/12345/1009.m3u8
VIUTV,http://iptv12k.com:35461/live/test167/12345/1008.m3u8
VIUTVSIX,http://iptv12k.com:35461/live/test167/12345/1007.m3u8
RTHK 32,http://iptv12k.com:35461/live/test167/12345/1005.m3u8
RTHK 31,http://iptv12k.com:35461/live/test167/12345/1004.m3u8
香港凤凰,http://iptv12k.com:35461/live/test167/12345/999.m3u8
民视,http://iptv12k.com:35461/live/test167/12345/5204.m3u8
TVBS精彩,http://iptv12k.com:35461/live/test167/12345/4842.m3u8
壹新闻,http://iptv12k.com:35461/live/test167/12345/1293.m3u8
年代新闻,http://iptv12k.com:35461/live/test167/12345/1292.m3u8
中视,http://iptv12k.com:35461/live/test167/12345/1291.m3u8
台视,http://iptv12k.com:35461/live/test167/12345/1290.m3u8
公视,http://iptv12k.com:35461/live/test167/12345/1289.m3u8
三立inews,http://iptv12k.com:35461/live/test167/12345/1288.m3u8
三立都会,http://iptv12k.com:35461/live/test167/12345/1287.m3u8
八大戏剧,http://iptv12k.com:35461/live/test167/12345/1284.m3u8
八大综合,http://iptv12k.com:35461/live/test167/12345/1283.m3u8
八大第一,http://iptv12k.com:35461/live/test167/12345/1282.m3u8
八大娱乐,http://iptv12k.com:35461/live/test167/12345/1281.m3u8
中天亚洲 Asia,http://iptv12k.com:35461/live/test167/12345/1278.m3u8
中天娱乐,http://iptv12k.com:35461/live/test167/12345/1277.m3u8
中天新闻,http://iptv12k.com:35461/live/test167/12345/1276.m3u8
东森财经,http://iptv12k.com:35461/live/test167/12345/1275.m3u8
中视经典,http://iptv12k.com:35461/live/test167/12345/1274.m3u8
中视菁采,http://iptv12k.com:35461/live/test167/12345/1273.m3u8
TVBS,http://iptv12k.com:35461/live/test167/12345/1272.m3u8
TVBS欢乐,http://iptv12k.com:35461/live/test167/12345/1271.m3u8
FOX NEWS,http://iptv12k.com:35461/live/test167/12345/1270.m3u8
HBO,http://iptv12k.com:35461/live/test167/12345/1266.m3u8
HBO家庭,http://iptv12k.com:35461/live/test167/12345/1265.m3u8
HBO强档,http://iptv12k.com:35461/live/test167/12345/1264.m3u8
HBO原创,http://iptv12k.com:35461/live/test167/12345/1263.m3u8
JET TV,http://iptv12k.com:35461/live/test167/12345/1262.m3u8
星卫电影,http://iptv12k.com:35461/live/test167/12345/1261.m3u8
美亚电影,http://iptv12k.com:35461/live/test167/12345/1260.m3u8
美食星球,http://iptv12k.com:35461/live/test167/12345/1259.m3u8
卫视电影,http://iptv12k.com:35461/live/test167/12345/1258.m3u8
卫视中文,http://iptv12k.com:35461/live/test167/12345/1257.m3u8
东森新闻,http://iptv12k.com:35461/live/test167/12345/1180.m3u8
东森戏剧,http://iptv12k.com:35461/live/test167/12345/1255.m3u8
CatchPlay电影,http://iptv12k.com:35461/live/test167/12345/1252.m3u8
金光布袋戏,http://iptv12k.com:35461/live/test167/12345/1251.m3u8
Smithsonian Channel,http://iptv12k.com:35461/live/test167/12345/1250.m3u8
好莱坞电影,http://iptv12k.com:35461/live/test167/12345/1249.m3u8
ELTA综合,http://iptv12k.com:35461/live/test167/12345/679.m3u8
爱尔达影剧,http://iptv12k.com:35461/live/test167/12345/1248.m3u8
罪案侦缉,http://iptv12k.com:35461/live/test167/12345/1246.m3u8
TSN 1,http://iptv12k.com:35461/live/test167/12345/1245.m3u8
HBO,http://gg.gg/HaNoiIPTV-HBO_HD
TLC旅游生活,http://iptv12k.com:35461/live/test167/12345/1244.m3u8
HBO,https://vips-livecdn.fptplay.net/hda1/hbo_vhls.smil/chunklist_b2500000.m3u8
AXN,http://iptv12k.com:35461/live/test167/12345/1243.m3u8
HBO,http://vips-livecdn.fptplay.net/hda1/hbo_vhls.smil/chunklist_b5000000.m3u8?bycoca
纬来戏剧,http://iptv12k.com:35461/live/test167/12345/1241.m3u8
HBO,http://vips-livecdn.fptplay.net/hda1/hbo_vhls.smil/chunklist_b5000000.m3u8
纬来综合,http://iptv12k.com:35461/live/test167/12345/1240.m3u8
HBO Asia,https://vips-livecdn.fptplay.net/hda1/hbo_vhls.smil/chunklist.m3u8
纬来精彩,http://iptv12k.com:35461/live/test167/12345/1239.m3u8
HBO,http://220.134.196.147:9557/index.m3u8
纬来日本,http://iptv12k.com:35461/live/test167/12345/1238.m3u8
HBO,https://livecdn.fptplay.net/hda1/hbo_hls.smil/chunklist_b2500000.m3u8
动物星球,http://iptv12k.com:35461/live/test167/12345/1233.m3u8
